Performing C++ SOURCE FILE Test CMAKE_HAVE_LIBC_PTHREAD failed with the following output:
Change Dir: /root/Desktop/练习/Week4/linux_sensor_server/build/CMakeFiles/CMakeTmp

Run Build Command(s):/usr/bin/make cmTC_6fdd2/fast && /usr/bin/make -f CMakeFiles/cmTC_6fdd2.dir/build.make CMakeFiles/cmTC_6fdd2.dir/build
make[1]: 进入目录“/root/Desktop/练习/Week4/linux_sensor_server/build/CMakeFiles/CMakeTmp”
Building CXX object CMakeFiles/cmTC_6fdd2.dir/src.cxx.o
/usr/bin/c++    -DCMAKE_HAVE_LIBC_PTHREAD   -std=c++17 -o CMakeFiles/cmTC_6fdd2.dir/src.cxx.o -c /root/Desktop/练习/Week4/linux_sensor_server/build/CMakeFiles/CMakeTmp/src.cxx
Linking CXX executable cmTC_6fdd2
/usr/bin/cmake -E cmake_link_script CMakeFiles/cmTC_6fdd2.dir/link.txt --verbose=1
/usr/bin/c++   -DCMAKE_HAVE_LIBC_PTHREAD    CMakeFiles/cmTC_6fdd2.dir/src.cxx.o  -o cmTC_6fdd2 
/usr/bin/ld: CMakeFiles/cmTC_6fdd2.dir/src.cxx.o: in function `main':
src.cxx:(.text+0x46): undefined reference to `pthread_create'
/usr/bin/ld: src.cxx:(.text+0x52): undefined reference to `pthread_detach'
/usr/bin/ld: src.cxx:(.text+0x63): undefined reference to `pthread_join'
collect2: error: ld returned 1 exit status
make[1]: *** [CMakeFiles/cmTC_6fdd2.dir/build.make:87：cmTC_6fdd2] 错误 1
make[1]: 离开目录“/root/Desktop/练习/Week4/linux_sensor_server/build/CMakeFiles/CMakeTmp”
make: *** [Makefile:121：cmTC_6fdd2/fast] 错误 2


Source file was:
#include <pthread.h>

void* test_func(void* data)
{
  return data;
}

int main(void)
{
  pthread_t thread;
  pthread_create(&thread, NULL, test_func, NULL);
  pthread_detach(thread);
  pthread_join(thread, NULL);
  pthread_atfork(NULL, NULL, NULL);
  pthread_exit(NULL);

  return 0;
}

Determining if the function pthread_create exists in the pthreads failed with the following output:
Change Dir: /root/Desktop/练习/Week4/linux_sensor_server/build/CMakeFiles/CMakeTmp

Run Build Command(s):/usr/bin/make cmTC_b7e02/fast && /usr/bin/make -f CMakeFiles/cmTC_b7e02.dir/build.make CMakeFiles/cmTC_b7e02.dir/build
make[1]: 进入目录“/root/Desktop/练习/Week4/linux_sensor_server/build/CMakeFiles/CMakeTmp”
Building CXX object CMakeFiles/cmTC_b7e02.dir/CheckFunctionExists.cxx.o
/usr/bin/c++    -DCHECK_FUNCTION_EXISTS=pthread_create   -std=c++17 -o CMakeFiles/cmTC_b7e02.dir/CheckFunctionExists.cxx.o -c /root/Desktop/练习/Week4/linux_sensor_server/build/CMakeFiles/CheckLibraryExists/CheckFunctionExists.cxx
Linking CXX executable cmTC_b7e02
/usr/bin/cmake -E cmake_link_script CMakeFiles/cmTC_b7e02.dir/link.txt --verbose=1
/usr/bin/c++   -DCHECK_FUNCTION_EXISTS=pthread_create    CMakeFiles/cmTC_b7e02.dir/CheckFunctionExists.cxx.o  -o cmTC_b7e02  -lpthreads 
/usr/bin/ld: 找不到 -lpthreads
collect2: error: ld returned 1 exit status
make[1]: *** [CMakeFiles/cmTC_b7e02.dir/build.make:87：cmTC_b7e02] 错误 1
make[1]: 离开目录“/root/Desktop/练习/Week4/linux_sensor_server/build/CMakeFiles/CMakeTmp”
make: *** [Makefile:121：cmTC_b7e02/fast] 错误 2



